| test.html:2:61:2:68 | endpoint | calleeApiName |
| test.html:2:61:2:68 | endpoint | enclosingFunctionBody |
| test.html:2:61:2:68 | endpoint | enclosingFunctionName |
| test.html:2:61:2:68 | endpoint | receiverName |
| test.js:2:7:2:14 | endpoint | calleeApiName |
| test.js:2:7:2:14 | endpoint | enclosingFunctionBody |
| test.js:2:7:2:14 | endpoint | enclosingFunctionName |
| test.js:2:7:2:14 | endpoint | receiverName |
| test.js:3:11:3:18 | endpoint | argumentIndex |
| test.js:3:11:3:18 | endpoint | calleeApiName |
| test.js:3:11:3:18 | endpoint | calleeName |
| test.js:3:11:3:18 | endpoint | enclosingFunctionBody |
| test.js:3:11:3:18 | endpoint | enclosingFunctionName |
| test.js:3:11:3:18 | endpoint | receiverName |
| test.js:4:15:4:22 | endpoint | argumentIndex |
| test.js:4:15:4:22 | endpoint | calleeApiName |
| test.js:4:15:4:22 | endpoint | calleeName |
| test.js:4:15:4:22 | endpoint | enclosingFunctionBody |
| test.js:4:15:4:22 | endpoint | enclosingFunctionName |
| test.js:4:15:4:22 | endpoint | receiverName |
| test.js:5:9:5:16 | endpoint | calleeApiName |
| test.js:5:9:5:16 | endpoint | enclosingFunctionBody |
| test.js:5:9:5:16 | endpoint | enclosingFunctionName |
| test.js:6:13:6:20 | endpoint | argumentIndex |
| test.js:6:13:6:20 | endpoint | calleeApiName |
| test.js:6:13:6:20 | endpoint | calleeName |
| test.js:6:13:6:20 | endpoint | enclosingFunctionBody |
| test.js:6:13:6:20 | endpoint | enclosingFunctionName |
| test.js:6:13:6:20 | endpoint | receiverName |
| test.js:7:17:7:24 | endpoint | argumentIndex |
| test.js:7:17:7:24 | endpoint | calleeApiName |
| test.js:7:17:7:24 | endpoint | calleeName |
| test.js:7:17:7:24 | endpoint | enclosingFunctionBody |
| test.js:7:17:7:24 | endpoint | enclosingFunctionName |
| test.js:7:17:7:24 | endpoint | receiverName |
| test.js:8:11:8:18 | endpoint | argumentIndex |
| test.js:8:11:8:18 | endpoint | calleeApiName |
| test.js:8:11:8:18 | endpoint | calleeName |
| test.js:8:11:8:18 | endpoint | enclosingFunctionBody |
| test.js:8:11:8:18 | endpoint | enclosingFunctionName |
| test.js:8:11:8:18 | endpoint | receiverName |
| test.js:9:17:9:24 | endpoint | calleeApiName |
| test.js:9:17:9:24 | endpoint | enclosingFunctionBody |
| test.js:9:17:9:24 | endpoint | enclosingFunctionName |
| test.js:9:17:9:24 | endpoint | receiverName |
| test.js:10:9:10:16 | endpoint | calleeApiName |
| test.js:10:9:10:16 | endpoint | calleeName |
| test.js:10:9:10:16 | endpoint | enclosingFunctionBody |
| test.js:10:9:10:16 | endpoint | enclosingFunctionName |
| test.js:10:9:10:16 | endpoint | receiverName |
| test.js:11:12:11:19 | endpoint | calleeApiName |
| test.js:11:12:11:19 | endpoint | enclosingFunctionBody |
| test.js:11:12:11:19 | endpoint | enclosingFunctionName |
| test.js:11:12:11:19 | endpoint | receiverName |
| test.js:12:16:12:23 | endpoint | calleeApiName |
| test.js:12:16:12:23 | endpoint | enclosingFunctionBody |
| test.js:12:16:12:23 | endpoint | enclosingFunctionName |
| test.js:12:16:12:23 | endpoint | receiverName |
| test.js:13:15:13:22 | endpoint | calleeApiName |
| test.js:13:15:13:22 | endpoint | calleeName |
| test.js:13:15:13:22 | endpoint | enclosingFunctionBody |
| test.js:13:15:13:22 | endpoint | enclosingFunctionName |
| test.js:13:15:13:22 | endpoint | receiverName |
